[gmpg.org/xfn/11.html]
[backblue.gif]
[fade.gif]
[index.html]
[fonts.googleapis.com/index.html]
[localhost/word/feed/index.html]
[localhost/word/comments/feed/index.html]
[localhost/word/wp-includes/js/jquery/jquery.min3088.js]
[localhost/word/wp-includes/js/jquery/jquery-migrate.min5589.js]
[localhost/word/wp-content/plugins/elementor/assets/lib/font-awesome/js/v4-shims.minfb6f.js]
[localhost/word/wp-json/wp/v2/pages/4387.json]
[localhost/word/wp-json/index.html]
[localhost/word/xmlrpc0db0.php]
[localhost/word/wp-json/oembed/1.0/embed5a99.json]
[localhost/word/wp-json/oembed/1.0/embed116e]
[localhost/word/wp-content/uploads/2023/04/download.jpg]
[localhost/word/wp-content/uploads/2018/12/logo@2x-free-img-1.png]
[websitedemos.net/brandstore-02/wp-login.1d.delayed]
[localhost/word/wp-content/uploads/2021/03/client-logo-1-1.png]
[localhost/word/wp-content/uploads/2021/03/client-logo-2-1.png]
[localhost/word/wp-content/uploads/2021/03/client-logo-3-1.png]
[localhost/word/wp-content/uploads/2022/08/client-logo-5-1.png]
[localhost/word/wp-content/uploads/2021/03/client-logo-4-1.png]
[localhost/word/wp-content/uploads/2023/04/Screenshot-2023-04-07-000630.png]
[localhost/word/wp-content/uploads/2023/04/Screenshot-2023-04-06-235623.png]
[localhost/word/wp-content/uploads/2023/04/Screenshot-2023-04-06-235309.png]
[localhost/word/wp-content/uploads/2023/04/Screenshot-2023-04-06-233438.png]
[localhost/word/wp-content/uploads/2023/04/Screenshot-2023-04-05-231930.png]
[localhost/word/wp-content/uploads/2018/12/globe-free-img-1.png]
[localhost/word/wp-content/uploads/2018/12/quality-free-img-1.png]
[localhost/word/wp-content/uploads/2018/12/tag-free-img-1.png]
[localhost/word/wp-content/uploads/2018/12/lock-free-img-1.png]
[localhost/word/wp-content/uploads/2023/04/download-1.jpg]
[localhost/word/wp-content/themes/astra/assets/js/minified/frontend.minf3c8.js]
[localhost/word/wp-content/themes/astra/assets/js/minified/mobile-cart.minf3c8.js]
[localhost/word/wp-content/plugins/woocommerce/assets/js/jquery-blockui/jquery.blockUI.min3156.js]
[localhost/word/wp-content/plugins/woocommerce/assets/js/frontend/add-to-cart.min8c10.js]
[localhost/word/wp-content/plugins/woocommerce/assets/js/js-cookie/js.cookie.min1c57.js]
[localhost/word/wp-content/plugins/woocommerce/assets/js/frontend/woocommerce.min8c10.js]
[localhost/word/wp-content/plugins/woocommerce/assets/js/frontend/cart-fragments.min8c10.js]
[localhost/word/wp-includes/js/underscore.mind584.js]
[localhost/word/wp-includes/js/wp-util.minf801.js]
[localhost/word/wp-content/plugins/woocommerce/assets/js/frontend/add-to-cart-variation.min8c10.js]
[localhost/word/wp-content/plugins/variation-swatches-woo/assets/js/swatches19f6.js]
[localhost/word/wp-content/plugins/elementor/assets/js/webpack.runtime.minfb6f.js]
[localhost/word/wp-content/plugins/elementor/assets/js/frontend-modules.minfb6f.js]
[localhost/word/wp-content/plugins/elementor/assets/lib/waypoints/waypoints.min05da.js]
[localhost/word/wp-includes/js/jquery/ui/core.min3f14.js]
[localhost/word/wp-content/plugins/elementor/assets/js/frontend.minfb6f.js]
[localhost/word/wp-content/plugins/wpforms-lite/assets/js/integrations/elementor/frontend.minc273.js]
[localhost/word/wp-content/plugins/wpforms-lite/assets/lib/jquery.validate.min7e9d.js]
[localhost/word/wp-content/plugins/wpforms-lite/assets/lib/mailcheck.mincfa9.js]
[localhost/word/wp-content/plugins/wpforms-lite/assets/lib/punycode.min8a54.js]
[localhost/word/wp-content/plugins/wpforms-lite/assets/js/utils.minc273.js]
[localhost/word/wp-content/plugins/wpforms-lite/assets/js/wpforms.minc273.js]
[localhost/word/index.html]
[gmpg.org/xfn/default.css]
[gmpg.org/xfn/.html]
[gmpg.org/xfn/intro.html]
[gmpg.org/xfn/faq.html]
[gmpg.org/xfn/thanks.4a.delayed]
[gmpg.org/xfn/11.html]
[fonts.googleapis.com/index.html]
[localhost/word/wp-content/themes/astra/assets/css/minified/main.minf3c8.css]
[fonts.gstatic.com/s/lato/v24/S6uyw4BMUTPHjx4wWw.ttf]
[fonts.googleapis.com/cssd075.css]
[localhost/word/wp-content/themes/astra/assets/css/minified/menu-animation.minf3c8.css]
[localhost/word/wp-includes/css/dist/block-library/style.minf801.css]
[localhost/word/wp-content/plugins/woocommerce/packages/woocommerce-blocks/build/wc-blocks-vendors-style174f.css]
[localhost/word/wp-content/plugins/woocommerce/packages/woocommerce-blocks/build/wc-blocks-style174f.css]
[localhost/word/wp-content/themes/astra/assets/css/minified/compatibility/woocommerce/woocommerce-layout-grid.minf3c8.css]
[localhost/word/wp-content/themes/astra/assets/css/minified/compatibility/woocommerce/woocommerce-smallscreen-grid.minf3c8.css]
[localhost/word/wp-content/plugins/woocommerce/assets/fonts/star.eot]
[localhost/word/wp-content/plugins/woocommerce/assets/fonts/stard41d.eot]
[fonts.gstatic.com/s/lato/v24/S6u9w4BMUTPHh6UVSwiPHA.ttf]
[localhost/word/wp-content/plugins/woocommerce/assets/fonts/star.woff]
[localhost/word/wp-content/plugins/woocommerce/assets/fonts/star.ttf]
[localhost/word/wp-content/plugins/woocommerce/assets/fonts/WooCommerce.eot]
[localhost/word/wp-content/plugins/woocommerce/assets/fonts/WooCommerce.woff]
[localhost/word/wp-content/plugins/woocommerce/assets/fonts/WooCommerce.ttf]
[localhost/word/wp-content/plugins/woocommerce/assets/fonts/WooCommerced41d.eot]
[localhost/word/wp-content/plugins/woocommerce/assets/css/photoswipe/default-skin/default-skin.png]
[localhost/word/wp-content/themes/astra/assets/css/minified/compatibility/woocommerce/woocommerce-grid.minf3c8.css]
[localhost/word/wp-includes/fonts/dashicons7d4b.eot]
[localhost/word/wp-includes/fonts/dashicons7d4b.ttf]
[localhost/word/wp-includes/css/dashicons.minf801.css]
[localhost/word/wp-content/plugins/variation-swatches-woo/assets/css/swatches19f6.css]
[localhost/word/wp-content/plugins/elementor/assets/lib/eicons/fonts/eiconsd6bb.eot]
[localhost/word/wp-content/plugins/elementor/assets/lib/eicons/fonts/eiconsd6bb.woff2]
[localhost/word/wp-content/plugins/elementor/assets/lib/eicons/fonts/eiconsd6bb.woff]
[localhost/word/wp-content/plugins/elementor/assets/lib/eicons/fonts/eiconsd6bb.ttf]
[localhost/word/wp-content/plugins/elementor/assets/lib/eicons/css/elementor-icons.min3b94.css]
[localhost/word/wp-content/plugins/elementor/assets/css/frontend-lite.minfb6f.css]
[localhost/word/wp-content/plugins/elementor/assets/lib/swiper/css/swiper.min48f5.css]
[localhost/word/wp-content/uploads/elementor/css/post-28872300.css]
[localhost/word/wp-content/plugins/elementor/assets/lib/font-awesome/webfonts/fa-brands-400.eot]
[localhost/word/wp-content/plugins/elementor/assets/lib/font-awesome/webfonts/fa-brands-400.woff2]
[localhost/word/wp-content/plugins/elementor/assets/lib/font-awesome/webfonts/fa-brands-400d41d.eot]
[localhost/word/wp-content/plugins/elementor/assets/lib/font-awesome/webfonts/fa-brands-400.woff]
[localhost/word/wp-content/plugins/elementor/assets/lib/font-awesome/webfonts/fa-brands-400.ttf]
[localhost/word/wp-content/plugins/elementor/assets/lib/font-awesome/webfonts/fa-regular-400.eot]
[localhost/word/wp-content/plugins/elementor/assets/lib/font-awesome/webfonts/fa-regular-400d41d.eot]
[localhost/word/wp-content/plugins/elementor/assets/lib/font-awesome/webfonts/fa-regular-400.woff2]
[localhost/word/wp-content/plugins/elementor/assets/lib/font-awesome/webfonts/fa-regular-400.woff]
[localhost/word/wp-content/plugins/elementor/assets/lib/font-awesome/webfonts/fa-regular-400.ttf]
[localhost/word/wp-content/plugins/elementor/assets/lib/font-awesome/webfonts/fa-solid-900.eot]
[localhost/word/wp-content/plugins/elementor/assets/lib/font-awesome/webfonts/fa-solid-900d41d.eot]
[localhost/word/wp-content/plugins/elementor/assets/lib/font-awesome/webfonts/fa-solid-900.woff2]
[localhost/word/wp-content/plugins/elementor/assets/lib/font-awesome/webfonts/fa-solid-900.woff]
[localhost/word/wp-content/plugins/elementor/assets/lib/font-awesome/webfonts/fa-solid-900.ttf]
[localhost/word/wp-content/plugins/elementor/assets/lib/font-awesome/css/all.minfb6f.css]
[localhost/word/wp-content/plugins/elementor/assets/lib/font-awesome/css/v4-shims.minfb6f.css]
[localhost/word/wp-content/uploads/2023/04/needle-thread-sewing-312387.png]
[localhost/word/wp-content/uploads/2018/12/women-fashion-free-img-1.jpg]
[localhost/word/wp-content/uploads/2018/12/men-fashion-free-img-1.jpg]
[localhost/word/wp-content/uploads/2023/04/Screenshot-2023-04-05-204847.png]
[localhost/word/wp-content/uploads/2019/12/banner-03-1.jpg]
[localhost/word/wp-content/uploads/elementor/css/post-438700d8.css]
[fonts.gstatic.com/s/roboto/v30/KFOiCnqEu92Fr1Mu51QrEzAdKg.ttf]
[fonts.gstatic.com/s/roboto/v30/KFOjCnqEu92Fr1Mu51TjASc6CsE.ttf]
[fonts.gstatic.com/s/roboto/v30/KFOkCnqEu92Fr1Mu51xIIzc.ttf]
[fonts.gstatic.com/s/roboto/v30/KFOjCnqEu92Fr1Mu51S7ACc6CsE.ttf]
[fonts.gstatic.com/s/roboto/v30/KFOjCnqEu92Fr1Mu51TzBic6CsE.ttf]
[fonts.gstatic.com/s/roboto/v30/KFOjCnqEu92Fr1Mu51TLBCc6CsE.ttf]
[fonts.gstatic.com/s/roboto/v30/KFOkCnqEu92Fr1MmgVxIIzc.ttf]
[fonts.gstatic.com/s/roboto/v30/KFOlCnqEu92Fr1MmSU5fBBc9.ttf]
[fonts.gstatic.com/s/roboto/v30/KFOmCnqEu92Fr1Mu4mxP.ttf]
[fonts.gstatic.com/s/roboto/v30/KFOlCnqEu92Fr1MmEU9fBBc9.ttf]
[fonts.gstatic.com/s/roboto/v30/KFOlCnqEu92Fr1MmWUlfBBc9.ttf]
[fonts.gstatic.com/s/roboto/v30/KFOlCnqEu92Fr1MmYUtfBBc9.ttf]
[fonts.gstatic.com/s/robotoslab/v25/BngbUXZYTXPIvIBgJJSb6s3BzlRRfKOFbvjojIWmb2Rm.ttf]
[fonts.gstatic.com/s/robotoslab/v25/BngbUXZYTXPIvIBgJJSb6s3BzlRRfKOFbvjoDISmb2Rm.ttf]
[fonts.gstatic.com/s/robotoslab/v25/BngbUXZYTXPIvIBgJJSb6s3BzlRRfKOFbvjo0oSmb2Rm.ttf]
[fonts.gstatic.com/s/robotoslab/v25/BngbUXZYTXPIvIBgJJSb6s3BzlRRfKOFbvjojISmb2Rm.ttf]
[fonts.gstatic.com/s/robotoslab/v25/BngbUXZYTXPIvIBgJJSb6s3BzlRRfKOFbvjovoSmb2Rm.ttf]
[fonts.gstatic.com/s/robotoslab/v25/BngbUXZYTXPIvIBgJJSb6s3BzlRRfKOFbvjoUoOmb2Rm.ttf]
[fonts.gstatic.com/s/robotoslab/v25/BngbUXZYTXPIvIBgJJSb6s3BzlRRfKOFbvjoa4Omb2Rm.ttf]
[fonts.gstatic.com/s/robotoslab/v25/BngbUXZYTXPIvIBgJJSb6s3BzlRRfKOFbvjoDIOmb2Rm.ttf]
[fonts.googleapis.com/css973c.css]
[fonts.gstatic.com/s/robotoslab/v25/BngbUXZYTXPIvIBgJJSb6s3BzlRRfKOFbvjoJYOmb2Rm.ttf]
[fonts.gstatic.com/index.html]
[localhost/word/wp-content/uploads/2023/04/Screenshot-2023-04-06-235952.png]
[localhost/word/wp-content/uploads/2017/12/product-m-jeans1-1.jpg]
[localhost/word/store/feed/index.html]
[localhost/word/wp-content/uploads/2017/12/product-w-jeans3-1.jpg]
[localhost/word/wp-content/uploads/2023/04/Screenshot-2023-04-07-001356.png]
[localhost/word/wp-content/uploads/2023/04/Screenshot-2023-04-07-001909.png]
[localhost/word/wp-content/uploads/2023/04/Screenshot-2023-04-07-002439.png]
[localhost/word/wp-content/uploads/2021/03/tshirt2-1.jpg]
[localhost/word/wp-content/uploads/2017/12/product-m-jeans2-1.jpg]
[localhost/word/wp-content/uploads/2021/03/tshirt3-1.jpg]
[localhost/word/wp-content/uploads/2023/04/Screenshot-2023-04-05-232336.png]
[localhost/word/wp-content/uploads/2023/04/Screenshot-2023-04-05-233046.png]
[localhost/word/wp-content/uploads/2021/03/tshirt7-1.jpg]
[localhost/word/wp-includes/js/jquery/ui/mouse.min3f14.js]
[localhost/word/wp-includes/js/jquery/ui/slider.min3f14.js]
[localhost/word/wp-content/plugins/woocommerce/assets/js/jquery-ui-touch-punch/jquery-ui-touch-punch.min8c10.js]
[localhost/word/wp-content/plugins/woocommerce/assets/js/accounting/accounting.minaffb.js]
[localhost/word/wp-content/plugins/woocommerce/assets/js/frontend/price-slider.min8c10.js]
[localhost/word/store/index.html]
[localhost/word/wp-json/wp/v2/product_cat/47.json]
[localhost/word/wp-content/uploads/2021/03/tshirt4-1.jpg]
[localhost/word/wp-content/uploads/2021/03/tshirt1-1.jpg]
[localhost/word/product-category/women/index.html]
[localhost/word/product-category/women/feed/index.html]
[localhost/word/wp-json/wp/v2/product_cat/39.json]
[localhost/word/product-category/men/index.html]
[localhost/word/wp-json/wp/v2/product_cat/28.json]
[localhost/word/product-category/accessories/index.html]
[localhost/word/product-category/men/feed/index.html]
[localhost/word/wp-json/wp/v2/pages/4484.json]
[localhost/word/wp-json/oembed/1.0/embed90e8.json]
[localhost/word/wp-json/oembed/1.0/embed91c1]
[localhost/word/view-order/index.html]
[localhost/word/product-category/accessories/feed/index.html]
[localhost/word/wp-json/wp/v2/pages/4485.json]
[localhost/word/wp-json/oembed/1.0/embed5f34.json]
[localhost/word/wp-json/oembed/1.0/embed14b6]
[localhost/word/edit-order/index.html]
[localhost/word/wp-json/wp/v2/pages/4486.json]
[localhost/word/wp-json/oembed/1.0/embede42f.json]
[localhost/word/wp-json/oembed/1.0/embedd657]
[localhost/word/list-order/index.html]
[localhost/word/wp-json/wp/v2/pages/4487.json]
[localhost/word/wp-json/oembed/1.0/embedc679.json]
[localhost/word/wp-json/oembed/1.0/embedd9ca]
[localhost/word/track-order/index.html]
[localhost/word/wp-json/wp/v2/pages/4488.json]
[localhost/word/wp-json/oembed/1.0/embed037d.json]
[localhost/word/wp-json/oembed/1.0/embed805a]
[localhost/word/order-configuration/index.html]
[localhost/word/wp-json/wp/v2/pages/4499.json]
[localhost/word/wp-json/oembed/1.0/embed2d3b.json]
[localhost/word/wp-json/oembed/1.0/embed8d2a]
[localhost/word/total-customers/index.html]
[localhost/word/wp-json/wp/v2/pages/4501.json]
[localhost/word/wp-json/oembed/1.0/embed54f4.json]
[localhost/word/wp-json/oembed/1.0/embed80ff]
[localhost/word/customer-details/index.html]
[localhost/word/wp-json/wp/v2/pages/4502.json]
[localhost/word/wp-json/oembed/1.0/embed9b27.json]
[localhost/word/wp-json/oembed/1.0/embedcdc3]
[localhost/word/add-customer/index.html]
[localhost/word/wp-json/wp/v2/pages/4503.json]
[localhost/word/wp-json/oembed/1.0/embed4e14.json]
[localhost/word/wp-json/oembed/1.0/embed5112]
[localhost/word/view-customer/index.html]
[localhost/word/wp-json/wp/v2/pages/4504.json]
[localhost/word/wp-json/oembed/1.0/embed60e5.json]
[localhost/word/wp-json/oembed/1.0/embed9a05]
[localhost/word/edit-customer/index.html]
[localhost/word/wp-json/wp/v2/pages/4505.json]
[localhost/word/wp-json/oembed/1.0/embedb45c.json]
[localhost/word/wp-json/oembed/1.0/embed0bd1]
[localhost/word/customer-list/index.html]
[localhost/word/wp-json/wp/v2/pages/4518.json]
[localhost/word/wp-json/oembed/1.0/embed635a.json]
[localhost/word/wp-json/oembed/1.0/embed74bc]
[localhost/word/total-income/index.html]
[localhost/word/wp-json/wp/v2/pages/4520.json]
[localhost/word/wp-json/oembed/1.0/embedd7f8.json]
[localhost/word/wp-json/oembed/1.0/embed52ef]
[localhost/word/last-30-days-expense/index.html]
[localhost/word/wp-json/wp/v2/pages/4525.json]
[localhost/word/wp-json/oembed/1.0/embede499.json]
[localhost/word/wp-json/oembed/1.0/embed92a3]
[localhost/word/departments/index.html]
[localhost/word/wp-json/wp/v2/pages/4527.json]
[localhost/word/wp-json/oembed/1.0/embed70b8.json]
[localhost/word/wp-json/oembed/1.0/embed2e15]
[localhost/word/contact/index.html]
[localhost/word/wp-json/wp/v2/pages/4528.json]
[localhost/word/wp-json/oembed/1.0/embed3b0c.json]
[localhost/word/wp-json/oembed/1.0/embed1d17]
[localhost/word/sent-messages/index.html]
[localhost/word/wp-json/wp/v2/pages/4529.json]
[localhost/word/wp-json/oembed/1.0/embedeadf.json]
[localhost/word/wp-json/oembed/1.0/embeded09]
[localhost/word/sent-email/index.html]
[localhost/word/wp-json/wp/v2/pages/4530.json]
[localhost/word/wp-json/oembed/1.0/embed5a69.json]
[localhost/word/wp-json/oembed/1.0/embede934]
[localhost/word/phone-number/index.html]
[localhost/word/wp-json/wp/v2/pages/4541.json]
[localhost/word/wp-json/oembed/1.0/embed0a29.json]
[localhost/word/wp-json/oembed/1.0/embed07df]
[localhost/word/staff/index.html]
[localhost/word/wp-json/wp/v2/pages/4543.json]
[localhost/word/wp-json/oembed/1.0/embed9010.json]
[localhost/word/wp-json/oembed/1.0/embed26b3]
[localhost/word/add-staff/index.html]
[localhost/word/wp-json/wp/v2/pages/4544.json]
[localhost/word/wp-json/oembed/1.0/embed49ea.json]
[localhost/word/wp-json/oembed/1.0/embede9c3]
[localhost/word/view-staff/index.html]
[localhost/word/wp-json/wp/v2/pages/4545.json]
[localhost/word/wp-json/oembed/1.0/embed0522.json]
[localhost/word/wp-json/oembed/1.0/embed9009]
[localhost/word/edit-staff/index.html]
[localhost/word/wp-json/wp/v2/pages/4546.json]
[localhost/word/wp-json/oembed/1.0/embed0d5a.json]
[localhost/word/wp-json/oembed/1.0/embed4750]
[localhost/word/pay-salary/index.html]
[localhost/word/wp-json/wp/v2/pages/4547.json]
[localhost/word/wp-json/oembed/1.0/embeda430.json]
[localhost/word/wp-json/oembed/1.0/embeddc81]
[localhost/word/add-designation/index.html]
[localhost/word/wp-json/wp/v2/pages/4548.json]
[localhost/word/wp-json/oembed/1.0/embed767e.json]
[localhost/word/wp-json/oembed/1.0/embeda81d]
[localhost/word/view-designation/index.html]
[localhost/word/wp-json/wp/v2/pages/4549.json]
[localhost/word/wp-json/oembed/1.0/embed1eb2.json]
[localhost/word/wp-json/oembed/1.0/embed0b6d]
[localhost/word/edit-designation/index.html]
[localhost/word/wp-json/wp/v2/pages/4566.json]
[localhost/word/wp-json/oembed/1.0/embed4a90.json]
[localhost/word/wp-json/oembed/1.0/embedf2e9]
[localhost/word/expense/index.html]
[localhost/word/wp-json/wp/v2/pages/4568.json]
[localhost/word/wp-json/oembed/1.0/embed5c0d.json]
[localhost/word/wp-json/oembed/1.0/embedc8ad]
[localhost/word/add-expense/index.html]
[localhost/word/wp-json/wp/v2/pages/4569.json]
[localhost/word/wp-json/oembed/1.0/embed906a.json]
[localhost/word/wp-json/oembed/1.0/embed6523]
[localhost/word/view-expense/index.html]
[localhost/word/wp-json/wp/v2/pages/4570.json]
[localhost/word/wp-json/oembed/1.0/embedfe2a.json]
[localhost/word/wp-json/oembed/1.0/embed09db]
[localhost/word/edit-expense/index.html]
[localhost/word/wp-json/wp/v2/pages/4571.json]
[localhost/word/wp-json/oembed/1.0/embede8de.json]
[localhost/word/wp-json/oembed/1.0/embed379c]
[localhost/word/add-expense-category/index.html]
[localhost/word/wp-json/wp/v2/pages/4572.json]
[localhost/word/wp-json/oembed/1.0/embeda9e1.json]
[localhost/word/wp-json/oembed/1.0/embed7275]
[localhost/word/view-expense-category/index.html]
[localhost/word/wp-json/wp/v2/pages/4573.json]
[localhost/word/wp-json/oembed/1.0/embed816d.json]
[localhost/word/wp-json/oembed/1.0/embed19c3]
[localhost/word/edit-expense-category/index.html]
[localhost/word/wp-json/wp/v2/pages/4588.json]
[localhost/word/wp-json/oembed/1.0/embed1ce7.json]
[localhost/word/wp-json/oembed/1.0/embed5b26]
[localhost/word/income/index.html]
[localhost/word/wp-json/wp/v2/pages/4590.json]
[localhost/word/wp-json/oembed/1.0/embed0e22.json]
[localhost/word/wp-json/oembed/1.0/embedc4b7]
[localhost/word/add-income/index.html]
[localhost/word/wp-json/wp/v2/pages/4591.json]
[localhost/word/wp-json/oembed/1.0/embedda81.json]
[localhost/word/wp-json/oembed/1.0/embed9c2e]
[localhost/word/view-income/index.html]
[localhost/word/wp-json/wp/v2/pages/4592.json]
[localhost/word/wp-json/oembed/1.0/embed4435.json]
[localhost/word/wp-json/oembed/1.0/embed2c11]
[localhost/word/add-income-category/index.html]
[localhost/word/wp-json/wp/v2/pages/4601.json]
[localhost/word/wp-json/oembed/1.0/embed603e.json]
[localhost/word/wp-json/oembed/1.0/embed079a]
[localhost/word/services/index.html]
[localhost/word/wp-json/wp/v2/pages/4603.json]
[localhost/word/wp-json/oembed/1.0/embed1a56.json]
[localhost/word/wp-json/oembed/1.0/embed643a]
[localhost/word/measurement/index.html]
[localhost/word/wp-json/wp/v2/pages/4604.json]
[localhost/word/wp-json/oembed/1.0/embed9634.json]
[localhost/word/wp-json/oembed/1.0/embed063d]
[localhost/word/add-cloth-type/index.html]
[localhost/word/wp-json/wp/v2/pages/4605.json]
[localhost/word/wp-json/oembed/1.0/embedfa2e.json]
[localhost/word/wp-json/oembed/1.0/embedc202]
[localhost/word/view-cloth-type/index.html]
[localhost/word/wp-json/wp/v2/pages/4606.json]
[localhost/word/wp-json/oembed/1.0/embed4ccf.json]
[localhost/word/wp-json/oembed/1.0/embed8095]
[localhost/word/edit-cloth-type/index.html]
[localhost/word/wp-json/wp/v2/pages/4607.json]
[localhost/word/wp-json/oembed/1.0/embed1939.json]
[localhost/word/wp-json/oembed/1.0/embed1c55]
[localhost/word/set-measurement-part/index.html]
[localhost/word/wp-json/wp/v2/pages/4608.json]
[localhost/word/wp-json/oembed/1.0/embedca9f.json]
[localhost/word/wp-json/oembed/1.0/embed916c]
[localhost/word/view-measurement-part/index.html]
[localhost/word/wp-json/wp/v2/pages/4609.json]
[localhost/word/wp-json/oembed/1.0/embed520e.json]
[localhost/word/wp-json/oembed/1.0/embedcf2e]
[localhost/word/edit-measurement-part/index.html]
[localhost/word/wp-json/wp/v2/pages/4628.json]
[localhost/word/wp-json/oembed/1.0/embedfe7b.json]
[localhost/word/wp-json/oembed/1.0/embed57ac]
[localhost/word/add-brand/index.html]
[localhost/word/wp-json/wp/v2/pages/4635.json]
[localhost/word/wp-json/oembed/1.0/embedb99d.json]
[localhost/word/wp-json/oembed/1.0/embeda595]
[localhost/word/manage-brand-2/index.html]
[localhost/word/wp-json/wp/v2/pages/4637.json]
[localhost/word/wp-json/oembed/1.0/embedcdee.json]
[localhost/word/wp-json/oembed/1.0/embedc15f]
[localhost/word/import-brand/index.html]
[localhost/word/wp-json/wp/v2/pages/4644.json]
[localhost/word/wp-json/oembed/1.0/embedae7b.json]
[localhost/word/wp-json/oembed/1.0/embed36f1]
[localhost/word/new-product/index.html]
[localhost/word/wp-json/wp/v2/pages/4645.json]
[localhost/word/wp-json/oembed/1.0/embed8dac.json]
[localhost/word/wp-json/oembed/1.0/embedfcfd]
[localhost/word/list-product/index.html]
[localhost/word/wp-json/wp/v2/pages/4646.json]
[localhost/word/wp-json/oembed/1.0/embedbb07.json]
[localhost/word/wp-json/oembed/1.0/embed23ea]
[localhost/word/new-cloth-product/index.html]
[localhost/word/wp-json/wp/v2/pages/4647.json]
[localhost/word/wp-json/oembed/1.0/embed2884.json]
[localhost/word/wp-json/oembed/1.0/embed4339]
[localhost/word/list-cloth-product/index.html]
[localhost/word/product-category/kids/feed/index.html]
[localhost/word/wp-json/wp/v2/product_cat/56.json]
[localhost/word/wp-content/uploads/2023/04/Screenshot-2023-04-05-233436.png]
[localhost/word/product-category/kids/index.html]
[localhost/word/wp-json/wp/v2/pages/43.json]
[localhost/word/wp-json/oembed/1.0/embed1307.json]
[localhost/word/wp-json/oembed/1.0/embed16f7]
[localhost/word/wp-content/uploads/2018/12/slide-image-free-img-1.jpg]
[localhost/word/wp-content/uploads/2023/04/mansi.jpg]
[localhost/word/wp-content/uploads/2023/04/picofme.png]
[localhost/word/wp-content/uploads/2023/04/yathu.jpg]
[localhost/word/wp-content/uploads/2023/04/kashish.jpg]
[localhost/word/about/index.html]
[localhost/word/wp-json/wp/v2/pages/414.json]
[localhost/word/wp-json/oembed/1.0/embedd2bf.json]
[localhost/word/wp-json/oembed/1.0/embed8f42]
[localhost/word/contact-us/index.html]
[localhost/word/wp-json/wp/v2/pages/39.json]
[localhost/word/wp-json/oembed/1.0/embed4353.json]
[localhost/word/wp-json/oembed/1.0/embed9be8]
[localhost/word/wp-content/plugins/woocommerce/assets/js/frontend/country-select.min8c10.js]
[localhost/word/wp-content/plugins/woocommerce/assets/js/frontend/address-i18n.min8c10.js]
[localhost/word/wp-content/plugins/woocommerce/assets/js/frontend/cart.min8c10.js]
[localhost/word/wp-content/plugins/woocommerce/assets/js/selectWoo/selectWoo.full.min536d.js]
[localhost/word/cart-2/index.html]
[websitedemos.net/brandstore-02/wp-login.html]
[localhost/word/product/menjestic-mens-slim-fit-formal-party-blazer/feed/index.html]
[localhost/word/wp-json/wp/v2/product/4746.json]
[localhost/word/wp-json/oembed/1.0/embedbbd2.json]
[localhost/word/wp-json/oembed/1.0/embed0607]
[localhost/word/wp-includes/js/comment-reply.minf801.js]
[localhost/word/wp-content/plugins/woocommerce/assets/js/zoom/jquery.zoom.mine7ee.js]
[localhost/word/wp-content/plugins/woocommerce/assets/js/flexslider/jquery.flexslider.min346c.js]
[localhost/word/wp-content/plugins/woocommerce/assets/js/photoswipe/photoswipe.min9d42.js]
[localhost/word/wp-content/plugins/woocommerce/assets/js/photoswipe/photoswipe-ui-default.min9d42.js]
[localhost/word/wp-content/plugins/woocommerce/assets/js/frontend/single-product.min8c10.js]
[localhost/word/product/menjestic-mens-slim-fit-formal-party-blazer/index.html]
[localhost/word/index7c24.html]
[localhost/word/wp-json/wp/v2/product/4739.json]
[localhost/word/product/hello-design-women-beige-frill-maxi-dress/feed/index.html]
[localhost/word/wp-json/oembed/1.0/embedc727.json]
[localhost/word/wp-json/oembed/1.0/embed11af]
[localhost/word/product/hello-design-women-beige-frill-maxi-dress/index.html]
[localhost/word/indexed68.html]
[localhost/word/wp-json/wp/v2/product/4735.json]
[localhost/word/product/fibreza-womens-georgette-traditional-ethnic-long-gown/feed/index.html]
[localhost/word/wp-json/oembed/1.0/embed4cf6.json]
[localhost/word/wp-json/oembed/1.0/embed6925]
[localhost/word/product/fibreza-womens-georgette-traditional-ethnic-long-gown/index.html]
[localhost/word/indexad45.html]
[localhost/word/wp-json/wp/v2/product/4732.json]
[localhost/word/product/men-regular-fit-solid-spread-collar-casual-shirt/feed/index.html]
[localhost/word/wp-json/oembed/1.0/embed51b1.json]
[localhost/word/wp-json/oembed/1.0/embedb897]
[localhost/word/product/men-regular-fit-solid-spread-collar-casual-shirt/index.html]
[localhost/word/index986b.html]
[localhost/word/wp-json/wp/v2/product/4687.json]
[localhost/word/product/boys-partyfestive-coat-shirt-pant/feed/index.html]
[localhost/word/wp-json/oembed/1.0/embedc4dd.json]
[localhost/word/wp-json/oembed/1.0/embedb584]
[localhost/word/wp-content/uploads/2023/04/Screenshot-2023-04-05-231301.png]
[localhost/word/product/boys-partyfestive-coat-shirt-pant/index.html]
[localhost/word/index35b6.html]
[localhost/word/wp-content/plugins/wpforms-lite/assets/images/submit-spin.svg]
[localhost/word/wp-content/plugins/elementor/assets/lib/animations/animations.minfb6f.css]
[localhost/word/wp-content/plugins/wpforms-lite/assets/css/frontend/classic/wpforms-base.minc273.css]
[gmpg.org/xfn/default.css]
[gmpg.org/xfn/index.html]
[gmpg.org/xfn/join.html]
[gmpg.org/xfn/background.html]
[gmpg.org/xfn/tools.html]
[gmpg.org/xfn/helping.html]
[gmpg.org/xfn/and/index.html]
[gmpg.org/xfn/feedback.html]
[gmpg.org/xfn/creator.html]
[gmpg.org/xfn/more.html]
[gmpg.org/xfn/press.html]
[gmpg.org/xfn/index-2.html]
[gmpg.org/xfn/.html]
[gmpg.org/xfn/pix/intro/five-met.gif]
[gmpg.org/xfn/pix/intro/five-acqfr.gif]
[gmpg.org/xfn/pix/intro/five-prof.gif]
[gmpg.org/xfn/pix/intro/five-lovefam.gif]
[gmpg.org/xfn/intro.html]
[gmpg.org/xfn/faq.html]
[gmpg.org/xfn/thanks.html]
[localhost/word/wp-content/plugins/woocommerce/assets/fonts/star.svg]
[localhost/word/wp-content/plugins/woocommerce/assets/fonts/WooCommerce.svg]
[localhost/word/wp-content/plugins/woocommerce/assets/images/icons/loader.svg]
[localhost/word/wp-content/plugins/woocommerce/assets/images/icons/credit-cards/visa.svg]
[localhost/word/wp-content/plugins/woocommerce/assets/images/icons/credit-cards/mastercard.svg]
[localhost/word/wp-content/plugins/woocommerce/assets/images/icons/credit-cards/laser.svg]
[localhost/word/wp-content/plugins/woocommerce/assets/images/icons/credit-cards/diners.svg]
[localhost/word/wp-content/plugins/woocommerce/assets/images/icons/credit-cards/maestro.svg]
[localhost/word/wp-content/plugins/woocommerce/assets/images/icons/credit-cards/jcb.svg]
[localhost/word/wp-content/plugins/woocommerce/assets/images/icons/credit-cards/amex.svg]
[localhost/word/wp-content/plugins/woocommerce/assets/images/icons/credit-cards/discover.svg]
[localhost/word/wp-content/plugins/elementor/assets/lib/eicons/fonts/eiconsd6bb.svg]
[localhost/word/wp-content/plugins/elementor/assets/lib/font-awesome/webfonts/fa-brands-400.svg]
[localhost/word/wp-content/plugins/elementor/assets/lib/font-awesome/webfonts/fa-regular-400.svg]
[localhost/word/wp-content/plugins/elementor/assets/lib/font-awesome/webfonts/fa-solid-900.svg]
[localhost/word/product/aask-dress-for-women/feed/index.html]
[localhost/word/wp-json/wp/v2/product/4742.json]
[localhost/word/wp-json/oembed/1.0/embed621e.json]
[localhost/word/wp-json/oembed/1.0/embed6f31]
[localhost/word/product/aask-dress-for-women/index.html]
[localhost/word/product/dark-brown-jeans/feed/index.html]
[localhost/word/wp-json/wp/v2/product/349.json]
[localhost/word/wp-json/oembed/1.0/embedbf08.json]
[localhost/word/wp-json/oembed/1.0/embed23a4]
[localhost/word/product/dark-brown-jeans/index.html]
[localhost/word/product/slim-fit-blue-jeans/feed/index.html]
[localhost/word/wp-json/wp/v2/product/242.json]
[localhost/word/wp-json/oembed/1.0/embeda402.json]
[localhost/word/wp-json/oembed/1.0/embed9329]
[localhost/word/product/slim-fit-blue-jeans/index.html]
[localhost/word/product/veirdo-100-cotton-oversize-drop-shoulder-loose-fit-round-neck-half-sleeve-animal-printed-t-shirt-for-men-boys/feed/index.html]
[localhost/word/wp-json/wp/v2/product/4749.json]
[localhost/word/wp-json/oembed/1.0/embedf690.json]
[localhost/word/wp-json/oembed/1.0/embed9a4d]
[localhost/word/product/veirdo-100-cotton-oversize-drop-shoulder-loose-fit-round-neck-half-sleeve-animal-printed-t-shirt-for-men-boys/index.html]
[localhost/word/store/indexbe8f.html]
[localhost/word/product/allen-solly-mens-slim-fit-shirt/feed/index.html]
[localhost/word/wp-json/wp/v2/product/4752.json]
[localhost/word/wp-json/oembed/1.0/embed6ba2.json]
[localhost/word/wp-json/oembed/1.0/embed76c9]
[localhost/word/product/allen-solly-mens-slim-fit-shirt/index.html]
[localhost/word/store/indexbc4b.html]
[localhost/word/wp-json/wp/v2/product/4755.json]
[localhost/word/product/ben-martin-mens-denim-slim-fit-strechable-jeans/feed/index.html]
[localhost/word/wp-json/oembed/1.0/embed618f.json]
[localhost/word/product/ben-martin-mens-denim-slim-fit-strechable-jeans/index.html]
[localhost/word/wp-json/oembed/1.0/embede887]
[localhost/word/store/index097d.html]
[localhost/word/product/dnk-cross-tshirt/feed/index.html]
[localhost/word/wp-json/wp/v2/product/142.json]
[localhost/word/wp-json/oembed/1.0/embed53ec.json]
[localhost/word/wp-json/oembed/1.0/embed2c4b]
[localhost/word/wp-content/uploads/2021/03/tshirt5-1.jpg]
[localhost/word/product/dnk-cross-tshirt/index.html]
[localhost/word/store/index35b6.html]
[localhost/word/product/dark-blue-denim-jeans/feed/index.html]
[localhost/word/wp-json/wp/v2/product/345.json]
[localhost/word/wp-json/oembed/1.0/embed25eb.json]
[localhost/word/wp-json/oembed/1.0/embed548f]
[localhost/word/product/dark-blue-denim-jeans/index.html]
[localhost/word/store/indexad3c.html]
[localhost/word/store/indexd486.html]
[localhost/word/store/indexad45.html]
[localhost/word/product/flamingo-tshirt/feed/index.html]
[localhost/word/wp-json/wp/v2/product/210.json]
[localhost/word/wp-json/oembed/1.0/embedcc91.json]
[localhost/word/wp-json/oembed/1.0/embed3eab]
[localhost/word/product/flamingo-tshirt/index.html]
[localhost/word/product/girls-calf-length-casual-dress/feed/index.html]
[localhost/word/wp-json/wp/v2/product/4691.json]
[localhost/word/wp-json/oembed/1.0/embed80c2.json]
[localhost/word/wp-json/oembed/1.0/embeddf27]
[localhost/word/product/girls-calf-length-casual-dress/index.html]
[localhost/word/store/index9487.html]
[localhost/word/product/girls-party-dress-kids/feed/index.html]
[localhost/word/wp-json/wp/v2/product/4694.json]
[localhost/word/wp-json/oembed/1.0/embed7d2d.json]
[localhost/word/wp-json/oembed/1.0/embedf0ca]
[localhost/word/product/girls-party-dress-kids/index.html]
[localhost/word/store/index9f7a.html]
[localhost/word/product/gray-pattern-tshirt/feed/index.html]
[localhost/word/wp-json/wp/v2/product/211.json]
[localhost/word/wp-json/oembed/1.0/embedc869.json]
[localhost/word/wp-json/oembed/1.0/embedf445]
[localhost/word/product/gray-pattern-tshirt/index.html]
[localhost/word/store/page/2/index.html]
[localhost/word/product-category/women/indexbe8f.html]
[localhost/word/product-category/women/indexad45.html]
[localhost/word/product-category/women/indexed68.html]
[localhost/word/product/lemons-tshirt/feed/index.html]
[localhost/word/wp-json/wp/v2/product/212.json]
[localhost/word/wp-json/oembed/1.0/embed53fd.json]
[localhost/word/wp-json/oembed/1.0/embedf097]
[localhost/word/product/lemons-tshirt/index.html]
[localhost/word/product/purple-tshirt/feed/index.html]
[localhost/word/wp-json/wp/v2/product/209.json]
[localhost/word/wp-json/oembed/1.0/embed0b7a.json]
[localhost/word/wp-json/oembed/1.0/embedc892]
[localhost/word/product/purple-tshirt/index.html]
[localhost/word/product-category/women/index474e.html]
[localhost/word/product/white-underground-tshirt/feed/index.html]
[localhost/word/wp-json/wp/v2/product/194.json]
[localhost/word/wp-json/oembed/1.0/embed4f96.json]
[localhost/word/wp-json/oembed/1.0/embedffdd]
[localhost/word/product/white-underground-tshirt/index.html]
[localhost/word/product-category/women/indexb131.html]
[localhost/word/product-category/men/indexbc4b.html]
[localhost/word/product-category/men/index097d.html]
[localhost/word/product-category/men/indexad3c.html]
[localhost/word/product-category/men/indexd486.html]
[localhost/word/product-category/men/index986b.html]
[localhost/word/product-category/men/index7c24.html]
[localhost/word/product-category/men/index9c0b.html]
[localhost/word/indexedf8.html]
[localhost/word/indexf38c.html]
[localhost/word/index8de1.html]
[localhost/word/indexd508.html]
[localhost/word/index5879.html]
[localhost/word/index4f89.html]
[localhost/word/indexeef1.html]
[localhost/word/index0424.html]
[localhost/word/index635f.html]
[localhost/word/index00f7.html]
[localhost/word/index1b88.html]
[localhost/word/index6e0b.html]
[localhost/word/indexe5ca.html]
[localhost/word/index2841.html]
[localhost/word/indexe24f.html]
[localhost/word/indexddad.html]
[localhost/word/index3354.html]
[localhost/word/index3523.html]
[localhost/word/index305c.html]
[localhost/word/index6e09.html]
[localhost/word/indexbbf2.html]
[localhost/word/indexad03.html]
[localhost/word/indexe5df.html]
[localhost/word/indexff51.html]
[localhost/word/index70af.html]
[localhost/word/indexe54d.html]
[localhost/word/indexc588.html]
[localhost/word/index3413.html]
[localhost/word/index249d.html]
[localhost/word/index186b.html]
[localhost/word/indexf8e5.html]
[localhost/word/indexb7c2.html]
[localhost/word/index3fe9.html]
[localhost/word/indexb928.html]
[localhost/word/index5b0d.html]
[localhost/word/index8d99.html]
[localhost/word/indexb236.html]
[localhost/word/indexf90e.html]
[localhost/word/index3614.html]
[localhost/word/index0863.html]
[localhost/word/indexe80e.html]
[localhost/word/index8aa8.html]
[localhost/word/indexe28c.html]
[localhost/word/indexb5fa.html]
[localhost/word/indexb947.html]
[localhost/word/index4e4f.html]
[localhost/word/index60bb.html]
[localhost/word/index91d5.html]
[localhost/word/index7828.html]
[localhost/word/indexb4bc.html]
[localhost/word/index8b0f.html]
[localhost/word/indexf5e4.html]
[localhost/word/product-category/kids/index35b6.html]
[localhost/word/product-category/kids/index9487.html]
[localhost/word/product-category/kids/index9f7a.html]
[localhost/word/wp-json/wp/v2/product/4698.json]
[localhost/word/product/single-breasted-checkered-baby-boys-suit/feed/index.html]
[localhost/word/wp-json/oembed/1.0/embed3370.json]
[localhost/word/wp-json/oembed/1.0/embed8ac8]
[localhost/word/product/single-breasted-checkered-baby-boys-suit/index.html]
[localhost/word/product-category/kids/index8830.html]
[localhost/word/wp-content/uploads/2021/05/banner-04-1.jpg]
[localhost/word/wp-content/uploads/2023/04/Screenshot-2023-04-05-214028.png]
[localhost/word/wp-content/uploads/elementor/css/post-437e1e.css]
[localhost/word/wp-content/plugins/elementor/assets/lib/font-awesome/css/fontawesome.min52d5.css]
[localhost/word/wp-content/plugins/elementor/assets/lib/font-awesome/css/brands.min52d5.css]
[localhost/word/index4170.html]
[localhost/word/wp-content/uploads/2019/12/banner-06-1.jpg]
[localhost/word/wp-content/uploads/elementor/css/post-4141a01.css]
[localhost/word/index24eb.html]
[localhost/word/wp-content/plugins/elementor/assets/css/widget-icon-box.min.css]
[localhost/word/wp-content/plugins/woocommerce/assets/css/select28c10.css]
[localhost/word/wp-content/uploads/elementor/css/post-39eac5.css]
[localhost/word/indexba52.html]
[localhost/word/wp-content/plugins/woocommerce/assets/css/photoswipe/photoswipe.min8c10.css]
[localhost/word/wp-content/plugins/woocommerce/assets/css/photoswipe/default-skin/preloader.gif]
[localhost/word/wp-content/plugins/woocommerce/assets/css/photoswipe/default-skin/default-skin.min8c10.css]
[localhost/word/indexa2fd.html]
[localhost/word/product/menjestic-mens-slim-fit-formal-party-blazer/indexad3c.html]
[localhost/word/product/menjestic-mens-slim-fit-formal-party-blazer/index097d.html]
[localhost/word/index8994.html]
[localhost/word/product/hello-design-women-beige-frill-maxi-dress/indexb131.html]
[localhost/word/product/hello-design-women-beige-frill-maxi-dress/indexad45.html]
[localhost/word/indexa6d2.html]
[localhost/word/product/fibreza-womens-georgette-traditional-ethnic-long-gown/index474e.html]
[localhost/word/product/fibreza-womens-georgette-traditional-ethnic-long-gown/indexb131.html]
[localhost/word/index706d.html]
[localhost/word/product/men-regular-fit-solid-spread-collar-casual-shirt/indexad3c.html]
[localhost/word/product/men-regular-fit-solid-spread-collar-casual-shirt/index9c0b.html]
[localhost/word/product/men-regular-fit-solid-spread-collar-casual-shirt/indexd486.html]
[localhost/word/index7a3b.html]
[localhost/word/product/boys-partyfestive-coat-shirt-pant/index8830.html]
[localhost/word/product/boys-partyfestive-coat-shirt-pant/index9487.html]
[localhost/word/product/boys-partyfestive-coat-shirt-pant/index9f7a.html]
[localhost/word/wp-content/plugins/wpforms-lite/assets/css/frontend/images/times-solid-white.html]
[gmpg.org/xfn/index.html]
[gmpg.org/xfn/1.html]
[gmpg.org/xfn/xfn-btn.gif]
[gmpg.org/xfn/join.html]
[gmpg.org/xfn/background.html]
[gmpg.org/xfn/creator-fr.html]
[gmpg.org/xfn/creator-it.html]
[gmpg.org/xfn/creator-es.html]
[gmpg.org/xfn/creator-nl.html]
[gmpg.org/xfn/creator-cs.html]
[gmpg.org/xfn/creator-ja.html]
[gmpg.org/xfn/tools.html]
[gmpg.org/xfn/pix/mememememe.png]
[gmpg.org/xfn/and/foaf.html]
[gmpg.org/xfn/and/index-2.html]
[gmpg.org/xfn/and/index.html]
[gmpg.org/xfn/helping.html]
[gmpg.org/xfn/feedback.html]
[gmpg.org/xfn/creator.html]
[gmpg.org/xfn/xfn-mini.gif]
[gmpg.org/xfn/more.html]
[gmpg.org/xfn/press.html]
[gmpg.org/xfn/index-2.html]
[localhost/word/index878d.html]
[localhost/word/product/aask-dress-for-women/indexad45.html]
[localhost/word/product/aask-dress-for-women/indexed68.html]
[localhost/word/wp-content/uploads/2017/12/product-about-02-1.jpg]
[localhost/word/wp-content/uploads/2017/12/product-about-03-1.jpg]
[localhost/word/wp-content/uploads/elementor/css/post-349572f.css]
[localhost/word/index601c.html]
[localhost/word/product/dark-brown-jeans/indexbc4b.html]
[localhost/word/product/dark-brown-jeans/index986b.html]
[localhost/word/product/dark-brown-jeans/index097d.html]
[localhost/word/wp-content/uploads/elementor/css/post-242b2d4.css]
[localhost/word/indexa8b8.html]
[localhost/word/product/slim-fit-blue-jeans/indexbe8f.html]
[localhost/word/index68b1.html]
[localhost/word/product/veirdo-100-cotton-oversize-drop-shoulder-loose-fit-round-neck-half-sleeve-animal-printed-t-shirt-for-men-boys/indexd486.html]
[localhost/word/product/veirdo-100-cotton-oversize-drop-shoulder-loose-fit-round-neck-half-sleeve-animal-printed-t-shirt-for-men-boys/index7c24.html]
[localhost/word/indexc998.html]
[localhost/word/product/allen-solly-mens-slim-fit-shirt/index9c0b.html]
[localhost/word/product/allen-solly-mens-slim-fit-shirt/index7c24.html]
[localhost/word/indexbe41.html]
[localhost/word/product/ben-martin-mens-denim-slim-fit-strechable-jeans/indexbc4b.html]
[localhost/word/product/ben-martin-mens-denim-slim-fit-strechable-jeans/index986b.html]
[localhost/word/wp-content/uploads/elementor/css/post-14203cb.css]
[localhost/word/indexee5b.html]
[localhost/word/product/dnk-cross-tshirt/index986b.html]
[localhost/word/product/dnk-cross-tshirt/indexbc4b.html]
[localhost/word/product/dnk-cross-tshirt/index097d.html]
[localhost/word/wp-content/uploads/elementor/css/post-345e09b.css]
[localhost/word/index50ca.html]
[localhost/word/product/dark-blue-denim-jeans/index986b.html]
[localhost/word/product/dark-blue-denim-jeans/index097d.html]
[localhost/word/product/dark-blue-denim-jeans/index7c24.html]
[localhost/word/wp-content/uploads/elementor/css/post-2101184.css]
[localhost/word/indexe4c6.html]
[localhost/word/product/flamingo-tshirt/index474e.html]
[localhost/word/product/flamingo-tshirt/indexbe8f.html]
[localhost/word/indexd6db.html]
[localhost/word/product/girls-calf-length-casual-dress/index35b6.html]
[localhost/word/product/girls-calf-length-casual-dress/index9f7a.html]
[localhost/word/product/girls-calf-length-casual-dress/index8830.html]
[localhost/word/index5d22.html]
[localhost/word/product/girls-party-dress-kids/index9487.html]
[localhost/word/product/girls-party-dress-kids/index8830.html]
[localhost/word/product/girls-party-dress-kids/index35b6.html]
[localhost/word/wp-content/uploads/elementor/css/post-21119bc.css]
[localhost/word/index0114.html]
[localhost/word/product/gray-pattern-tshirt/index474e.html]
[localhost/word/product/gray-pattern-tshirt/indexed68.html]
[localhost/word/store/page/2/indexed68.html]
[localhost/word/store/page/2/index986b.html]
[localhost/word/store/page/2/index7c24.html]
[localhost/word/store/page/2/index8830.html]
[localhost/word/store/page/2/index474e.html]
[localhost/word/store/page/2/index9c0b.html]
[localhost/word/store/page/2/indexb131.html]
[localhost/word/store/page/1/index.html]
[localhost/word/wp-content/uploads/elementor/css/post-21226ed.css]
[localhost/word/index905c.html]
[localhost/word/product/lemons-tshirt/indexed68.html]
[localhost/word/wp-content/uploads/elementor/css/post-209bd6d.css]
[localhost/word/index4e6a.html]
[localhost/word/product/purple-tshirt/indexbe8f.html]
[localhost/word/product/purple-tshirt/indexed68.html]
[localhost/word/wp-content/uploads/elementor/css/post-19484ae.css]
[localhost/word/indexc8fa.html]
[localhost/word/product/white-underground-tshirt/indexad45.html]
[localhost/word/product/white-underground-tshirt/index474e.html]
[localhost/word/indexe285.html]
[localhost/word/product/single-breasted-checkered-baby-boys-suit/index35b6.html]
[localhost/word/product/single-breasted-checkered-baby-boys-suit/index9f7a.html]
[localhost/word/product/single-breasted-checkered-baby-boys-suit/index9487.html]
[localhost/word/wp-content/plugins/woocommerce/assets/css/photoswipe/default-skin/default-skin.svg]
[localhost/word/product/menjestic-mens-slim-fit-formal-party-blazer/index9c0b.html]
[localhost/word/product/menjestic-mens-slim-fit-formal-party-blazer/indexbc4b.html]
[localhost/word/product/hello-design-women-beige-frill-maxi-dress/index474e.html]
[localhost/word/product/hello-design-women-beige-frill-maxi-dress/indexbe8f.html]
[localhost/word/product/fibreza-womens-georgette-traditional-ethnic-long-gown/indexed68.html]
[localhost/word/product/fibreza-womens-georgette-traditional-ethnic-long-gown/indexbe8f.html]
[localhost/word/product/men-regular-fit-solid-spread-collar-casual-shirt/index7c24.html]
[localhost/word/product/men-regular-fit-solid-spread-collar-casual-shirt/indexbc4b.html]
[localhost/word/product/men-regular-fit-solid-spread-collar-casual-shirt/index097d.html]
[gmpg.org/xfn/1.html]
[gmpg.org/xfn/creator-fr.html]
[gmpg.org/xfn/creator-it.html]
[gmpg.org/xfn/creator-es.html]
[gmpg.org/xfn/creator-nl.html]
[gmpg.org/xfn/creator-cs.html]
[gmpg.org/xfn/creator-ja.html]
[gmpg.org/xfn/and/foaf.html]
[gmpg.org/xfn/and/index-2.html]
[gmpg.org/xfn/count.css]
[localhost/word/product/aask-dress-for-women/index474e.html]
[localhost/word/product/dark-brown-jeans/index7c24.html]
[localhost/word/product/dark-brown-jeans/index9c0b.html]
[localhost/word/product/dark-brown-jeans/indexad3c.html]
[localhost/word/product/slim-fit-blue-jeans/indexad45.html]
[localhost/word/product/veirdo-100-cotton-oversize-drop-shoulder-loose-fit-round-neck-half-sleeve-animal-printed-t-shirt-for-men-boys/indexad3c.html]
[localhost/word/product/veirdo-100-cotton-oversize-drop-shoulder-loose-fit-round-neck-half-sleeve-animal-printed-t-shirt-for-men-boys/index097d.html]
[localhost/word/product/veirdo-100-cotton-oversize-drop-shoulder-loose-fit-round-neck-half-sleeve-animal-printed-t-shirt-for-men-boys/index986b.html]
[localhost/word/product/allen-solly-mens-slim-fit-shirt/indexd486.html]
[localhost/word/product/allen-solly-mens-slim-fit-shirt/indexad3c.html]
[localhost/word/product/ben-martin-mens-denim-slim-fit-strechable-jeans/index7c24.html]
[localhost/word/product/ben-martin-mens-denim-slim-fit-strechable-jeans/indexd486.html]
[localhost/word/product/ben-martin-mens-denim-slim-fit-strechable-jeans/indexad3c.html]
[localhost/word/product/dnk-cross-tshirt/index7c24.html]
[localhost/word/product/dnk-cross-tshirt/index9c0b.html]
[localhost/word/product/dark-blue-denim-jeans/indexbc4b.html]
[localhost/word/product/dark-blue-denim-jeans/index9c0b.html]
[localhost/word/product/flamingo-tshirt/indexb131.html]
[localhost/word/product/flamingo-tshirt/indexad45.html]
[localhost/word/product/flamingo-tshirt/indexed68.html]
[localhost/word/product/gray-pattern-tshirt/indexbe8f.html]
[localhost/word/product/lemons-tshirt/index474e.html]
[localhost/word/product/lemons-tshirt/indexad45.html]
[localhost/word/product/purple-tshirt/index474e.html]
[localhost/word/product/white-underground-tshirt/indexed68.html]
[localhost/word/product/white-underground-tshirt/indexbe8f.html]
[localhost/word/product/menjestic-mens-slim-fit-formal-party-blazer/indexd486.html]
[localhost/word/product/slim-fit-blue-jeans/indexed68.html]
[localhost/word/product/veirdo-100-cotton-oversize-drop-shoulder-loose-fit-round-neck-half-sleeve-animal-printed-t-shirt-for-men-boys/indexbc4b.html]
[localhost/word/product/allen-solly-mens-slim-fit-shirt/index986b.html]
[localhost/word/product/dnk-cross-tshirt/indexad3c.html]
[localhost/word/product/gray-pattern-tshirt/indexb131.html]
[localhost/word/product/lemons-tshirt/indexb131.html]
[localhost/word/product/menjestic-mens-slim-fit-formal-party-blazer/index986b.html]
[junk.metafilter.com/xfn.gif]
[localhost/word/product/slim-fit-blue-jeans/indexb131.html]
[localhost/word/product/lemons-tshirt/indexbe8f.html]
